MPLINK 4.37, Linker
Linker Map File - Created Mon Jan 31 18:27:22 2011

                                 Section Info
                  Section       Type    Address   Location Size(Bytes)
                ---------  ---------  ---------  ---------  ---------
               _entry_scn       code   0x000000    program   0x000006
           .code___init.o       code   0x000006    program   0x000002
              high_vector       code   0x000008    program   0x000006
                   .cinit    romdata   0x00000e    program   0x00000e
.code_WirelessServoController.o       code   0x00001c    program   0x0001fc
               _cinit_scn       code   0x000218    program   0x00009e
                    .code       code   0x0002b6    program   0x000020
             _startup_scn       code   0x0002d6    program   0x00001c
.idata_WirelessServoController.o_i    romdata   0x0002f2    program   0x000028
.romdata_WirelessServoController.o    romdata   0x0002f2    program   0x000000
        .idata___init.o_i    romdata   0x0002f2    program   0x000000
        .romdata___init.o    romdata   0x0002f2    program   0x000000
         .romdata_c018i.o    romdata   0x0002f2    program   0x000000
         .idata_c018i.o_i    romdata   0x0002f2    program   0x000000
            .code_c018i.o       code   0x00031a    program   0x000000
.config_1fff8_WirelessServoController.o    romdata   0x01fff8    program   0x000001
.config_1fff9_WirelessServoController.o    romdata   0x01fff9    program   0x000001
.config_1fffa_WirelessServoController.o    romdata   0x01fffa    program   0x000001
                 .tmpdata      udata   0x000000       data   0x000004
                MATH_DATA      udata   0x000004       data   0x000002
                   .stack      udata   0x000e00       data   0x000100
.idata_WirelessServoController.o      idata   0x000f00       data   0x000028
           .udata_c018i.o      udata   0x000f28       data   0x00000a
           .idata_c018i.o      idata   0x000f32       data   0x000000
.udata_WirelessServoController.o      udata   0x000f32       data   0x000000
          .udata___init.o      udata   0x000f32       data   0x000000
          .idata___init.o      idata   0x000f32       data   0x000000
              SFR_BANKED0      udata   0x000f5a       data   0x000006
            SFR_UNBANKED0      udata   0x000f60       data   0x0000a0



                              Program Memory Usage 
                               Start         End      
                           ---------   ---------      
                            0x000000    0x000319      
                            0x01fff8    0x01fffa      
            797 out of 131072 program addresses used, program memory utilization is 0%



                              Symbols - Sorted by Name
                     Name    Address   Location    Storage File                     
                ---------  ---------  ---------  --------- ---------                
          ___for_lbl00001   0x00008e    program     static                          
          ___for_lbl00002   0x000098    program     static                          
          ___for_lbl00003   0x000082    program     static                          
          ___for_lbl00004   0x00008e    program     static                          
          ___for_lbl00005   0x00005e    program     static                          
          ___for_lbl00006   0x000038    program     static                          
       ___return_lbl00000   0x000098    program     static                          
       ___return_lbl00000   0x000004    program     static                          
       ___return_lbl00001   0x0002f0    program     static                          
       ___return_lbl00002   0x0002b4    program     static                          
       ___return_lbl00007   0x00000c    program     static                          
               __config_0   0x01fff8    program     static C:\Users\Dan\Documents\Electronics\PIC\QuadRotor\WirelessServoController.c
               __config_1   0x01fff9    program     static C:\Users\Dan\Documents\Electronics\PIC\QuadRotor\WirelessServoController.c
               __config_2   0x01fffa    program     static C:\Users\Dan\Documents\Electronics\PIC\QuadRotor\WirelessServoController.c
                   __init   0x000006    program     extern C:\MCC18\src\traditional\stdclib\__init.c
               __tmplbl_0   0x00007e    program     static                          
            __zero_memory   0x0002b6    program     extern C:\MCC18\src\traditional\proc\p18F87J11.asm
                _do_cinit   0x000218    program     extern C:\MCC18\src\traditional\startup\c018i.c
                   _entry   0x000000    program     extern C:\MCC18\src\traditional\startup\c018i.c
                 _startup   0x0002d6    program     extern C:\MCC18\src\traditional\startup\c018i.c
                compare_l   0x0002cc    program     static C:\MCC18\src\traditional\proc\p18F87J11.asm
                copy_loop   0x00028a    program     static                          
            copy_one_byte   0x000290    program     static                          
                 delay_ms   0x00001c    program     extern C:\Users\Dan\Documents\Electronics\PIC\QuadRotor\WirelessServoController.c
                     done   0x0002b4    program     static                          
             done_copying   0x00029e    program     static                          
               find_start   0x0001c6    program     extern C:\Users\Dan\Documents\Electronics\PIC\QuadRotor\WirelessServoController.c
           high_interrupt   0x000008    program     extern C:\Users\Dan\Documents\Electronics\PIC\QuadRotor\WirelessServoController.c
                     init   0x00013e    program     extern C:\Users\Dan\Documents\Electronics\PIC\QuadRotor\WirelessServoController.c
                      isr   0x0000ac    program     extern C:\Users\Dan\Documents\Electronics\PIC\QuadRotor\WirelessServoController.c
                     loop   0x0002e6    program     static                          
                   loop_h   0x0002c4    program     static C:\MCC18\src\traditional\proc\p18F87J11.asm
                   loop_l   0x0002ce    program     static C:\MCC18\src\traditional\proc\p18F87J11.asm
                     main   0x000168    program     extern C:\Users\Dan\Documents\Electronics\PIC\QuadRotor\WirelessServoController.c
                     test   0x000232    program     static                          
               zero_block   0x0002c4    program     static C:\MCC18\src\traditional\proc\p18F87J11.asm
                   ADCON0   0x000fc2       data     extern C:\MCC18\src\traditional\proc\p18F87J11.asm
               ADCON0bits   0x000fc2       data     extern C:\MCC18\src\traditional\proc\p18F87J11.asm
                   ADCON1   0x000fc1       data     extern C:\MCC18\src\traditional\proc\p18F87J11.asm
               ADCON1bits   0x000fc1       data     extern C:\MCC18\src\traditional\proc\p18F87J11.asm
                    ADRES   0x000fc3       data     extern C:\MCC18\src\traditional\proc\p18F87J11.asm
                   ADRESH   0x000fc4       data     extern C:\MCC18\src\traditional\proc\p18F87J11.asm
                   ADRESL   0x000fc3       data     extern C:\MCC18\src\traditional\proc\p18F87J11.asm
                   ANCON0   0x000fc1       data     extern C:\MCC18\src\traditional\proc\p18F87J11.asm
               ANCON0bits   0x000fc1       data     extern C:\MCC18\src\traditional\proc\p18F87J11.asm
                   ANCON1   0x000fc2       data     extern C:\MCC18\src\traditional\proc\p18F87J11.asm
               ANCON1bits   0x000fc2       data     extern C:\MCC18\src\traditional\proc\p18F87J11.asm
                  BAUDCON   0x000f7e       data     extern C:\MCC18\src\traditional\proc\p18F87J11.asm
                 BAUDCON1   0x000f7e       data     extern C:\MCC18\src\traditional\proc\p18F87J11.asm
             BAUDCON1bits   0x000f7e       data     extern C:\MCC18\src\traditional\proc\p18F87J11.asm
                 BAUDCON2   0x000f7c       data     extern C:\MCC18\src\traditional\proc\p18F87J11.asm
             BAUDCON2bits   0x000f7c       data     extern C:\MCC18\src\traditional\proc\p18F87J11.asm
              BAUDCONbits   0x000f7e       data     extern C:\MCC18\src\traditional\proc\p18F87J11.asm
                      BSR   0x000fe0       data     extern C:\MCC18\src\traditional\proc\p18F87J11.asm
                  CCP1CON   0x000fbb       data     extern C:\MCC18\src\traditional\proc\p18F87J11.asm
              CCP1CONbits   0x000fbb       data     extern C:\MCC18\src\traditional\proc\p18F87J11.asm
                  CCP2CON   0x000fb6       data     extern C:\MCC18\src\traditional\proc\p18F87J11.asm
              CCP2CONbits   0x000fb6       data     extern C:\MCC18\src\traditional\proc\p18F87J11.asm
                  CCP3CON   0x000fb1       data     extern C:\MCC18\src\traditional\proc\p18F87J11.asm
              CCP3CONbits   0x000fb1       data     extern C:\MCC18\src\traditional\proc\p18F87J11.asm
                  CCP4CON   0x000f73       data     extern C:\MCC18\src\traditional\proc\p18F87J11.asm
              CCP4CONbits   0x000f73       data     extern C:\MCC18\src\traditional\proc\p18F87J11.asm
                  CCP5CON   0x000f70       data     extern C:\MCC18\src\traditional\proc\p18F87J11.asm
              CCP5CONbits   0x000f70       data     extern C:\MCC18\src\traditional\proc\p18F87J11.asm
                    CCPR1   0x000fbc       data     extern C:\MCC18\src\traditional\proc\p18F87J11.asm
                   CCPR1H   0x000fbd       data     extern C:\MCC18\src\traditional\proc\p18F87J11.asm
                   CCPR1L   0x000fbc       data     extern C:\MCC18\src\traditional\proc\p18F87J11.asm
                    CCPR2   0x000fb7       data     extern C:\MCC18\src\traditional\proc\p18F87J11.asm
                   CCPR2H   0x000fb8       data     extern C:\MCC18\src\traditional\proc\p18F87J11.asm
                   CCPR2L   0x000fb7       data     extern C:\MCC18\src\traditional\proc\p18F87J11.asm
                    CCPR3   0x000fb2       data     extern C:\MCC18\src\traditional\proc\p18F87J11.asm
                   CCPR3H   0x000fb3       data     extern C:\MCC18\src\traditional\proc\p18F87J11.asm
                   CCPR3L   0x000fb2       data     extern C:\MCC18\src\traditional\proc\p18F87J11.asm
                    CCPR4   0x000f74       data     extern C:\MCC18\src\traditional\proc\p18F87J11.asm
                   CCPR4H   0x000f75       data     extern C:\MCC18\src\traditional\proc\p18F87J11.asm
                   CCPR4L   0x000f74       data     extern C:\MCC18\src\traditional\proc\p18F87J11.asm
                    CCPR5   0x000f71       data     extern C:\MCC18\src\traditional\proc\p18F87J11.asm
                   CCPR5H   0x000f72       data     extern C:\MCC18\src\traditional\proc\p18F87J11.asm
                   CCPR5L   0x000f71       data     extern C:\MCC18\src\traditional\proc\p18F87J11.asm
                   CM1CON   0x000fd2       data     extern C:\MCC18\src\traditional\proc\p18F87J11.asm
                  CM1CON1   0x000fd2       data     extern C:\MCC18\src\traditional\proc\p18F87J11.asm
              CM1CON1bits   0x000fd2       data     extern C:\MCC18\src\traditional\proc\p18F87J11.asm
               CM1CONbits   0x000fd2       data     extern C:\MCC18\src\traditional\proc\p18F87J11.asm
                   CM2CON   0x000fd1       data     extern C:\MCC18\src\traditional\proc\p18F87J11.asm
                  CM2CON1   0x000fd1       data     extern C:\MCC18\src\traditional\proc\p18F87J11.asm
              CM2CON1bits   0x000fd1       data     extern C:\MCC18\src\traditional\proc\p18F87J11.asm
               CM2CONbits   0x000fd1       data     extern C:\MCC18\src\traditional\proc\p18F87J11.asm
                   CMSTAT   0x000f6a       data     extern C:\MCC18\src\traditional\proc\p18F87J11.asm
                 CMSTATUS   0x000f6a       data     extern C:\MCC18\src\traditional\proc\p18F87J11.asm
             CMSTATUSbits   0x000f6a       data     extern C:\MCC18\src\traditional\proc\p18F87J11.asm
               CMSTATbits   0x000f6a       data     extern C:\MCC18\src\traditional\proc\p18F87J11.asm
                   CVRCON   0x000f77       data     extern C:\MCC18\src\traditional\proc\p18F87J11.asm
               CVRCONbits   0x000f77       data     extern C:\MCC18\src\traditional\proc\p18F87J11.asm
                     DDRA   0x000f92       data     extern C:\MCC18\src\traditional\proc\p18F87J11.asm
                 DDRAbits   0x000f92       data     extern C:\MCC18\src\traditional\proc\p18F87J11.asm
                     DDRB   0x000f93       data     extern C:\MCC18\src\traditional\proc\p18F87J11.asm
                 DDRBbits   0x000f93       data     extern C:\MCC18\src\traditional\proc\p18F87J11.asm
                     DDRC   0x000f94       data     extern C:\MCC18\src\traditional\proc\p18F87J11.asm
                 DDRCbits   0x000f94       data     extern C:\MCC18\src\traditional\proc\p18F87J11.asm
                     DDRD   0x000f95       data     extern C:\MCC18\src\traditional\proc\p18F87J11.asm
                 DDRDbits   0x000f95       data     extern C:\MCC18\src\traditional\proc\p18F87J11.asm
                     DDRE   0x000f96       data     extern C:\MCC18\src\traditional\proc\p18F87J11.asm
                 DDREbits   0x000f96       data     extern C:\MCC18\src\traditional\proc\p18F87J11.asm
                     DDRF   0x000f97       data     extern C:\MCC18\src\traditional\proc\p18F87J11.asm
                 DDRFbits   0x000f97       data     extern C:\MCC18\src\traditional\proc\p18F87J11.asm
                     DDRG   0x000f98       data     extern C:\MCC18\src\traditional\proc\p18F87J11.asm
                 DDRGbits   0x000f98       data     extern C:\MCC18\src\traditional\proc\p18F87J11.asm
                     DDRH   0x000f99       data     extern C:\MCC18\src\traditional\proc\p18F87J11.asm
                 DDRHbits   0x000f99       data     extern C:\MCC18\src\traditional\proc\p18F87J11.asm
                     DDRJ   0x000f9a       data     extern C:\MCC18\src\traditional\proc\p18F87J11.asm
                 DDRJbits   0x000f9a       data     extern C:\MCC18\src\traditional\proc\p18F87J11.asm
                  ECCP1AS   0x000fbf       data     extern C:\MCC18\src\traditional\proc\p18F87J11.asm
              ECCP1ASbits   0x000fbf       data     extern C:\MCC18\src\traditional\proc\p18F87J11.asm
                 ECCP1CON   0x000fbb       data     extern C:\MCC18\src\traditional\proc\p18F87J11.asm
             ECCP1CONbits   0x000fbb       data     extern C:\MCC18\src\traditional\proc\p18F87J11.asm
                 ECCP1DEL   0x000fbe       data     extern C:\MCC18\src\traditional\proc\p18F87J11.asm
             ECCP1DELbits   0x000fbe       data     extern C:\MCC18\src\traditional\proc\p18F87J11.asm
                  ECCP2AS   0x000fba       data     extern C:\MCC18\src\traditional\proc\p18F87J11.asm
              ECCP2ASbits   0x000fba       data     extern C:\MCC18\src\traditional\proc\p18F87J11.asm
                 ECCP2CON   0x000fb6       data     extern C:\MCC18\src\traditional\proc\p18F87J11.asm
             ECCP2CONbits   0x000fb6       data     extern C:\MCC18\src\traditional\proc\p18F87J11.asm
                 ECCP2DEL   0x000fb9       data     extern C:\MCC18\src\traditional\proc\p18F87J11.asm
             ECCP2DELbits   0x000fb9       data     extern C:\MCC18\src\traditional\proc\p18F87J11.asm
                  ECCP3AS   0x000fb5       data     extern C:\MCC18\src\traditional\proc\p18F87J11.asm
              ECCP3ASbits   0x000fb5       data     extern C:\MCC18\src\traditional\proc\p18F87J11.asm
                 ECCP3CON   0x000fb1       data     extern C:\MCC18\src\traditional\proc\p18F87J11.asm
             ECCP3CONbits   0x000fb1       data     extern C:\MCC18\src\traditional\proc\p18F87J11.asm
                 ECCP3DEL   0x000fb4       data     extern C:\MCC18\src\traditional\proc\p18F87J11.asm
             ECCP3DELbits   0x000fb4       data     extern C:\MCC18\src\traditional\proc\p18F87J11.asm
                   EECON1   0x000fa6       data     extern C:\MCC18\src\traditional\proc\p18F87J11.asm
               EECON1bits   0x000fa6       data     extern C:\MCC18\src\traditional\proc\p18F87J11.asm
                   EECON2   0x000fa7       data     extern C:\MCC18\src\traditional\proc\p18F87J11.asm
                     FSR0   0x000fe9       data     extern C:\MCC18\src\traditional\proc\p18F87J11.asm
                    FSR0H   0x000fea       data     extern C:\MCC18\src\traditional\proc\p18F87J11.asm
                    FSR0L   0x000fe9       data     extern C:\MCC18\src\traditional\proc\p18F87J11.asm
                     FSR1   0x000fe1       data     extern C:\MCC18\src\traditional\proc\p18F87J11.asm
                    FSR1H   0x000fe2       data     extern C:\MCC18\src\traditional\proc\p18F87J11.asm
                    FSR1L   0x000fe1       data     extern C:\MCC18\src\traditional\proc\p18F87J11.asm
                     FSR2   0x000fd9       data     extern C:\MCC18\src\traditional\proc\p18F87J11.asm
                    FSR2H   0x000fda       data     extern C:\MCC18\src\traditional\proc\p18F87J11.asm
                    FSR2L   0x000fd9       data     extern C:\MCC18\src\traditional\proc\p18F87J11.asm
                    INDF0   0x000fef       data     extern C:\MCC18\src\traditional\proc\p18F87J11.asm
                    INDF1   0x000fe7       data     extern C:\MCC18\src\traditional\proc\p18F87J11.asm
                    INDF2   0x000fdf       data     extern C:\MCC18\src\traditional\proc\p18F87J11.asm
                   INTCON   0x000ff2       data     extern C:\MCC18\src\traditional\proc\p18F87J11.asm
                  INTCON2   0x000ff1       data     extern C:\MCC18\src\traditional\proc\p18F87J11.asm
              INTCON2bits   0x000ff1       data     extern C:\MCC18\src\traditional\proc\p18F87J11.asm
                  INTCON3   0x000ff0       data     extern C:\MCC18\src\traditional\proc\p18F87J11.asm
              INTCON3bits   0x000ff0       data     extern C:\MCC18\src\traditional\proc\p18F87J11.asm
               INTCONbits   0x000ff2       data     extern C:\MCC18\src\traditional\proc\p18F87J11.asm
                     IPR1   0x000f9f       data     extern C:\MCC18\src\traditional\proc\p18F87J11.asm
                 IPR1bits   0x000f9f       data     extern C:\MCC18\src\traditional\proc\p18F87J11.asm
                     IPR2   0x000fa2       data     extern C:\MCC18\src\traditional\proc\p18F87J11.asm
                 IPR2bits   0x000fa2       data     extern C:\MCC18\src\traditional\proc\p18F87J11.asm
                     IPR3   0x000fa5       data     extern C:\MCC18\src\traditional\proc\p18F87J11.asm
                 IPR3bits   0x000fa5       data     extern C:\MCC18\src\traditional\proc\p18F87J11.asm
                     LATA   0x000f89       data     extern C:\MCC18\src\traditional\proc\p18F87J11.asm
                 LATAbits   0x000f89       data     extern C:\MCC18\src\traditional\proc\p18F87J11.asm
                     LATB   0x000f8a       data     extern C:\MCC18\src\traditional\proc\p18F87J11.asm
                 LATBbits   0x000f8a       data     extern C:\MCC18\src\traditional\proc\p18F87J11.asm
                     LATC   0x000f8b       data     extern C:\MCC18\src\traditional\proc\p18F87J11.asm
                 LATCbits   0x000f8b       data     extern C:\MCC18\src\traditional\proc\p18F87J11.asm
                     LATD   0x000f8c       data     extern C:\MCC18\src\traditional\proc\p18F87J11.asm
                 LATDbits   0x000f8c       data     extern C:\MCC18\src\traditional\proc\p18F87J11.asm
                     LATE   0x000f8d       data     extern C:\MCC18\src\traditional\proc\p18F87J11.asm
                 LATEbits   0x000f8d       data     extern C:\MCC18\src\traditional\proc\p18F87J11.asm
                     LATF   0x000f8e       data     extern C:\MCC18\src\traditional\proc\p18F87J11.asm
                 LATFbits   0x000f8e       data     extern C:\MCC18\src\traditional\proc\p18F87J11.asm
                     LATG   0x000f8f       data     extern C:\MCC18\src\traditional\proc\p18F87J11.asm
                 LATGbits   0x000f8f       data     extern C:\MCC18\src\traditional\proc\p18F87J11.asm
                     LATH   0x000f90       data     extern C:\MCC18\src\traditional\proc\p18F87J11.asm
                 LATHbits   0x000f90       data     extern C:\MCC18\src\traditional\proc\p18F87J11.asm
                     LATJ   0x000f91       data     extern C:\MCC18\src\traditional\proc\p18F87J11.asm
                 LATJbits   0x000f91       data     extern C:\MCC18\src\traditional\proc\p18F87J11.asm
                   MEMCON   0x000fcb       data     extern C:\MCC18\src\traditional\proc\p18F87J11.asm
               MEMCONbits   0x000fcb       data     extern C:\MCC18\src\traditional\proc\p18F87J11.asm
                   ODCON1   0x000fcf       data     extern C:\MCC18\src\traditional\proc\p18F87J11.asm
               ODCON1bits   0x000fcf       data     extern C:\MCC18\src\traditional\proc\p18F87J11.asm
                   ODCON2   0x000fce       data     extern C:\MCC18\src\traditional\proc\p18F87J11.asm
               ODCON2bits   0x000fce       data     extern C:\MCC18\src\traditional\proc\p18F87J11.asm
                   ODCON3   0x000fcd       data     extern C:\MCC18\src\traditional\proc\p18F87J11.asm
               ODCON3bits   0x000fcd       data     extern C:\MCC18\src\traditional\proc\p18F87J11.asm
                   OSCCON   0x000fd3       data     extern C:\MCC18\src\traditional\proc\p18F87J11.asm
               OSCCONbits   0x000fd3       data     extern C:\MCC18\src\traditional\proc\p18F87J11.asm
                  OSCTUNE   0x000f9b       data     extern C:\MCC18\src\traditional\proc\p18F87J11.asm
              OSCTUNEbits   0x000f9b       data     extern C:\MCC18\src\traditional\proc\p18F87J11.asm
                  PADCFG1   0x000fcc       data     extern C:\MCC18\src\traditional\proc\p18F87J11.asm
              PADCFG1bits   0x000fcc       data     extern C:\MCC18\src\traditional\proc\p18F87J11.asm
                       PC   0x000ff9       data     extern C:\MCC18\src\traditional\proc\p18F87J11.asm
                      PCL   0x000ff9       data     extern C:\MCC18\src\traditional\proc\p18F87J11.asm
                   PCLATH   0x000ffa       data     extern C:\MCC18\src\traditional\proc\p18F87J11.asm
                   PCLATU   0x000ffb       data     extern C:\MCC18\src\traditional\proc\p18F87J11.asm
                     PIE1   0x000f9d       data     extern C:\MCC18\src\traditional\proc\p18F87J11.asm
                 PIE1bits   0x000f9d       data     extern C:\MCC18\src\traditional\proc\p18F87J11.asm
                     PIE2   0x000fa0       data     extern C:\MCC18\src\traditional\proc\p18F87J11.asm
                 PIE2bits   0x000fa0       data     extern C:\MCC18\src\traditional\proc\p18F87J11.asm
                     PIE3   0x000fa3       data     extern C:\MCC18\src\traditional\proc\p18F87J11.asm
                 PIE3bits   0x000fa3       data     extern C:\MCC18\src\traditional\proc\p18F87J11.asm
                     PIR1   0x000f9e       data     extern C:\MCC18\src\traditional\proc\p18F87J11.asm
                 PIR1bits   0x000f9e       data     extern C:\MCC18\src\traditional\proc\p18F87J11.asm
                     PIR2   0x000fa1       data     extern C:\MCC18\src\traditional\proc\p18F87J11.asm
                 PIR2bits   0x000fa1       data     extern C:\MCC18\src\traditional\proc\p18F87J11.asm
                     PIR3   0x000fa4       data     extern C:\MCC18\src\traditional\proc\p18F87J11.asm
                 PIR3bits   0x000fa4       data     extern C:\MCC18\src\traditional\proc\p18F87J11.asm
                   PLUSW0   0x000feb       data     extern C:\MCC18\src\traditional\proc\p18F87J11.asm
                   PLUSW1   0x000fe3       data     extern C:\MCC18\src\traditional\proc\p18F87J11.asm
                   PLUSW2   0x000fdb       data     extern C:\MCC18\src\traditional\proc\p18F87J11.asm
                   PMADDR   0x000f68       data     extern C:\MCC18\src\traditional\proc\p18F87J11.asm
                  PMADDRH   0x000f69       data     extern C:\MCC18\src\traditional\proc\p18F87J11.asm
              PMADDRHbits   0x000f69       data     extern C:\MCC18\src\traditional\proc\p18F87J11.asm
                  PMADDRL   0x000f68       data     extern C:\MCC18\src\traditional\proc\p18F87J11.asm
                    PMCON   0x000f64       data     extern C:\MCC18\src\traditional\proc\p18F87J11.asm
                   PMCONH   0x000f65       data     extern C:\MCC18\src\traditional\proc\p18F87J11.asm
               PMCONHbits   0x000f65       data     extern C:\MCC18\src\traditional\proc\p18F87J11.asm
                   PMCONL   0x000f64       data     extern C:\MCC18\src\traditional\proc\p18F87J11.asm
               PMCONLbits   0x000f64       data     extern C:\MCC18\src\traditional\proc\p18F87J11.asm
                   PMDIN1   0x000f66       data     extern C:\MCC18\src\traditional\proc\p18F87J11.asm
                  PMDIN1H   0x000f67       data     extern C:\MCC18\src\traditional\proc\p18F87J11.asm
                  PMDIN1L   0x000f66       data     extern C:\MCC18\src\traditional\proc\p18F87J11.asm
                   PMDIN2   0x000f5e       data     extern C:\MCC18\src\traditional\proc\p18F87J11.asm
                  PMDIN2H   0x000f5f       data     extern C:\MCC18\src\traditional\proc\p18F87J11.asm
                  PMDIN2L   0x000f5e       data     extern C:\MCC18\src\traditional\proc\p18F87J11.asm
                  PMDOUT1   0x000f68       data     extern C:\MCC18\src\traditional\proc\p18F87J11.asm
                 PMDOUT1H   0x000f69       data     extern C:\MCC18\src\traditional\proc\p18F87J11.asm
                 PMDOUT1L   0x000f68       data     extern C:\MCC18\src\traditional\proc\p18F87J11.asm
                  PMDOUT2   0x000f60       data     extern C:\MCC18\src\traditional\proc\p18F87J11.asm
                 PMDOUT2H   0x000f61       data     extern C:\MCC18\src\traditional\proc\p18F87J11.asm
                 PMDOUT2L   0x000f60       data     extern C:\MCC18\src\traditional\proc\p18F87J11.asm
                     PMEH   0x000f5d       data     extern C:\MCC18\src\traditional\proc\p18F87J11.asm
                 PMEHbits   0x000f5d       data     extern C:\MCC18\src\traditional\proc\p18F87J11.asm
                     PMEL   0x000f5c       data     extern C:\MCC18\src\traditional\proc\p18F87J11.asm
                 PMELbits   0x000f5c       data     extern C:\MCC18\src\traditional\proc\p18F87J11.asm
                     PMEN   0x000f5c       data     extern C:\MCC18\src\traditional\proc\p18F87J11.asm
                   PMMODE   0x000f62       data     extern C:\MCC18\src\traditional\proc\p18F87J11.asm
                  PMMODEH   0x000f63       data     extern C:\MCC18\src\traditional\proc\p18F87J11.asm
              PMMODEHbits   0x000f63       data     extern C:\MCC18\src\traditional\proc\p18F87J11.asm
                  PMMODEL   0x000f62       data     extern C:\MCC18\src\traditional\proc\p18F87J11.asm
              PMMODELbits   0x000f62       data     extern C:\MCC18\src\traditional\proc\p18F87J11.asm
                   PMSTAT   0x000f5a       data     extern C:\MCC18\src\traditional\proc\p18F87J11.asm
                  PMSTATH   0x000f5b       data     extern C:\MCC18\src\traditional\proc\p18F87J11.asm
              PMSTATHbits   0x000f5b       data     extern C:\MCC18\src\traditional\proc\p18F87J11.asm
                  PMSTATL   0x000f5a       data     extern C:\MCC18\src\traditional\proc\p18F87J11.asm
              PMSTATLbits   0x000f5a       data     extern C:\MCC18\src\traditional\proc\p18F87J11.asm
                    PORTA   0x000f80       data     extern C:\MCC18\src\traditional\proc\p18F87J11.asm
                PORTAbits   0x000f80       data     extern C:\MCC18\src\traditional\proc\p18F87J11.asm
                    PORTB   0x000f81       data     extern C:\MCC18\src\traditional\proc\p18F87J11.asm
                PORTBbits   0x000f81       data     extern C:\MCC18\src\traditional\proc\p18F87J11.asm
                    PORTC   0x000f82       data     extern C:\MCC18\src\traditional\proc\p18F87J11.asm
                PORTCbits   0x000f82       data     extern C:\MCC18\src\traditional\proc\p18F87J11.asm
                    PORTD   0x000f83       data     extern C:\MCC18\src\traditional\proc\p18F87J11.asm
                PORTDbits   0x000f83       data     extern C:\MCC18\src\traditional\proc\p18F87J11.asm
                    PORTE   0x000f84       data     extern C:\MCC18\src\traditional\proc\p18F87J11.asm
                PORTEbits   0x000f84       data     extern C:\MCC18\src\traditional\proc\p18F87J11.asm
                    PORTF   0x000f85       data     extern C:\MCC18\src\traditional\proc\p18F87J11.asm
                PORTFbits   0x000f85       data     extern C:\MCC18\src\traditional\proc\p18F87J11.asm
                    PORTG   0x000f86       data     extern C:\MCC18\src\traditional\proc\p18F87J11.asm
                PORTGbits   0x000f86       data     extern C:\MCC18\src\traditional\proc\p18F87J11.asm
                    PORTH   0x000f87       data     extern C:\MCC18\src\traditional\proc\p18F87J11.asm
                PORTHbits   0x000f87       data     extern C:\MCC18\src\traditional\proc\p18F87J11.asm
                    PORTJ   0x000f88       data     extern C:\MCC18\src\traditional\proc\p18F87J11.asm
                PORTJbits   0x000f88       data     extern C:\MCC18\src\traditional\proc\p18F87J11.asm
                 POSTDEC0   0x000fed       data     extern C:\MCC18\src\traditional\proc\p18F87J11.asm
                 POSTDEC1   0x000fe5       data     extern C:\MCC18\src\traditional\proc\p18F87J11.asm
                 POSTDEC2   0x000fdd       data     extern C:\MCC18\src\traditional\proc\p18F87J11.asm
                 POSTINC0   0x000fee       data     extern C:\MCC18\src\traditional\proc\p18F87J11.asm
                 POSTINC1   0x000fe6       data     extern C:\MCC18\src\traditional\proc\p18F87J11.asm
                 POSTINC2   0x000fde       data     extern C:\MCC18\src\traditional\proc\p18F87J11.asm
                      PR2   0x000fcb       data     extern C:\MCC18\src\traditional\proc\p18F87J11.asm
                      PR4   0x000f77       data     extern C:\MCC18\src\traditional\proc\p18F87J11.asm
                  PREINC0   0x000fec       data     extern C:\MCC18\src\traditional\proc\p18F87J11.asm
                  PREINC1   0x000fe4       data     extern C:\MCC18\src\traditional\proc\p18F87J11.asm
                  PREINC2   0x000fdc       data     extern C:\MCC18\src\traditional\proc\p18F87J11.asm
                     PROD   0x000ff3       data     extern C:\MCC18\src\traditional\proc\p18F87J11.asm
                    PRODH   0x000ff4       data     extern C:\MCC18\src\traditional\proc\p18F87J11.asm
                    PRODL   0x000ff3       data     extern C:\MCC18\src\traditional\proc\p18F87J11.asm
                     RCON   0x000fd0       data     extern C:\MCC18\src\traditional\proc\p18F87J11.asm
                 RCONbits   0x000fd0       data     extern C:\MCC18\src\traditional\proc\p18F87J11.asm
                    RCREG   0x000faf       data     extern C:\MCC18\src\traditional\proc\p18F87J11.asm
                   RCREG1   0x000faf       data     extern C:\MCC18\src\traditional\proc\p18F87J11.asm
                   RCREG2   0x000faa       data     extern C:\MCC18\src\traditional\proc\p18F87J11.asm
                    RCSTA   0x000fac       data     extern C:\MCC18\src\traditional\proc\p18F87J11.asm
                   RCSTA1   0x000fac       data     extern C:\MCC18\src\traditional\proc\p18F87J11.asm
               RCSTA1bits   0x000fac       data     extern C:\MCC18\src\traditional\proc\p18F87J11.asm
                   RCSTA2   0x000f9c       data     extern C:\MCC18\src\traditional\proc\p18F87J11.asm
               RCSTA2bits   0x000f9c       data     extern C:\MCC18\src\traditional\proc\p18F87J11.asm
                RCSTAbits   0x000fac       data     extern C:\MCC18\src\traditional\proc\p18F87J11.asm
                  REFOCON   0x000fd3       data     extern C:\MCC18\src\traditional\proc\p18F87J11.asm
              REFOCONbits   0x000fd3       data     extern C:\MCC18\src\traditional\proc\p18F87J11.asm
                     SIGN   0x000004       data     extern C:\MCC18\src\traditional\math\cmath18.asm
                    SPBRG   0x000fb0       data     extern C:\MCC18\src\traditional\proc\p18F87J11.asm
                   SPBRG1   0x000fb0       data     extern C:\MCC18\src\traditional\proc\p18F87J11.asm
                   SPBRG2   0x000fab       data     extern C:\MCC18\src\traditional\proc\p18F87J11.asm
                  SPBRGH1   0x000f7f       data     extern C:\MCC18\src\traditional\proc\p18F87J11.asm
                  SPBRGH2   0x000f7d       data     extern C:\MCC18\src\traditional\proc\p18F87J11.asm
                  SSP1ADD   0x000fc8       data     extern C:\MCC18\src\traditional\proc\p18F87J11.asm
                  SSP1BUF   0x000fc9       data     extern C:\MCC18\src\traditional\proc\p18F87J11.asm
                 SSP1CON1   0x000fc6       data     extern C:\MCC18\src\traditional\proc\p18F87J11.asm
             SSP1CON1bits   0x000fc6       data     extern C:\MCC18\src\traditional\proc\p18F87J11.asm
                 SSP1CON2   0x000fc5       data     extern C:\MCC18\src\traditional\proc\p18F87J11.asm
             SSP1CON2bits   0x000fc5       data     extern C:\MCC18\src\traditional\proc\p18F87J11.asm
                  SSP1MSK   0x000fc8       data     extern C:\MCC18\src\traditional\proc\p18F87J11.asm
                 SSP1STAT   0x000fc7       data     extern C:\MCC18\src\traditional\proc\p18F87J11.asm
             SSP1STATbits   0x000fc7       data     extern C:\MCC18\src\traditional\proc\p18F87J11.asm
                  SSP2ADD   0x000f6e       data     extern C:\MCC18\src\traditional\proc\p18F87J11.asm
                  SSP2BUF   0x000f6f       data     extern C:\MCC18\src\traditional\proc\p18F87J11.asm
                 SSP2CON1   0x000f6c       data     extern C:\MCC18\src\traditional\proc\p18F87J11.asm
             SSP2CON1bits   0x000f6c       data     extern C:\MCC18\src\traditional\proc\p18F87J11.asm
                 SSP2CON2   0x000f6b       data     extern C:\MCC18\src\traditional\proc\p18F87J11.asm
             SSP2CON2bits   0x000f6b       data     extern C:\MCC18\src\traditional\proc\p18F87J11.asm
                  SSP2MSK   0x000f6e       data     extern C:\MCC18\src\traditional\proc\p18F87J11.asm
              SSP2MSKbits   0x000f6e       data     extern C:\MCC18\src\traditional\proc\p18F87J11.asm
                 SSP2STAT   0x000f6d       data     extern C:\MCC18\src\traditional\proc\p18F87J11.asm
             SSP2STATbits   0x000f6d       data     extern C:\MCC18\src\traditional\proc\p18F87J11.asm
                   SSPADD   0x000fc8       data     extern C:\MCC18\src\traditional\proc\p18F87J11.asm
                   SSPBUF   0x000fc9       data     extern C:\MCC18\src\traditional\proc\p18F87J11.asm
                  SSPCON1   0x000fc6       data     extern C:\MCC18\src\traditional\proc\p18F87J11.asm
              SSPCON1bits   0x000fc6       data     extern C:\MCC18\src\traditional\proc\p18F87J11.asm
                  SSPCON2   0x000fc5       data     extern C:\MCC18\src\traditional\proc\p18F87J11.asm
              SSPCON2bits   0x000fc5       data     extern C:\MCC18\src\traditional\proc\p18F87J11.asm
                  SSPSTAT   0x000fc7       data     extern C:\MCC18\src\traditional\proc\p18F87J11.asm
              SSPSTATbits   0x000fc7       data     extern C:\MCC18\src\traditional\proc\p18F87J11.asm
                   STATUS   0x000fd8       data     extern C:\MCC18\src\traditional\proc\p18F87J11.asm
               STATUSbits   0x000fd8       data     extern C:\MCC18\src\traditional\proc\p18F87J11.asm
                   STKPTR   0x000ffc       data     extern C:\MCC18\src\traditional\proc\p18F87J11.asm
               STKPTRbits   0x000ffc       data     extern C:\MCC18\src\traditional\proc\p18F87J11.asm
                    T0CON   0x000fd5       data     extern C:\MCC18\src\traditional\proc\p18F87J11.asm
                T0CONbits   0x000fd5       data     extern C:\MCC18\src\traditional\proc\p18F87J11.asm
                    T1CON   0x000fcd       data     extern C:\MCC18\src\traditional\proc\p18F87J11.asm
                T1CONbits   0x000fcd       data     extern C:\MCC18\src\traditional\proc\p18F87J11.asm
                    T2CON   0x000fca       data     extern C:\MCC18\src\traditional\proc\p18F87J11.asm
                T2CONbits   0x000fca       data     extern C:\MCC18\src\traditional\proc\p18F87J11.asm
                    T3CON   0x000f79       data     extern C:\MCC18\src\traditional\proc\p18F87J11.asm
                T3CONbits   0x000f79       data     extern C:\MCC18\src\traditional\proc\p18F87J11.asm
                    T4CON   0x000f76       data     extern C:\MCC18\src\traditional\proc\p18F87J11.asm
                T4CONbits   0x000f76       data     extern C:\MCC18\src\traditional\proc\p18F87J11.asm
                   TABLAT   0x000ff5       data     extern C:\MCC18\src\traditional\proc\p18F87J11.asm
                   TBLPTR   0x000ff6       data     extern C:\MCC18\src\traditional\proc\p18F87J11.asm
                  TBLPTRH   0x000ff7       data     extern C:\MCC18\src\traditional\proc\p18F87J11.asm
                  TBLPTRL   0x000ff6       data     extern C:\MCC18\src\traditional\proc\p18F87J11.asm
                  TBLPTRU   0x000ff8       data     extern C:\MCC18\src\traditional\proc\p18F87J11.asm
                    TMR0H   0x000fd7       data     extern C:\MCC18\src\traditional\proc\p18F87J11.asm
                    TMR0L   0x000fd6       data     extern C:\MCC18\src\traditional\proc\p18F87J11.asm
                    TMR1H   0x000fcf       data     extern C:\MCC18\src\traditional\proc\p18F87J11.asm
                    TMR1L   0x000fce       data     extern C:\MCC18\src\traditional\proc\p18F87J11.asm
                     TMR2   0x000fcc       data     extern C:\MCC18\src\traditional\proc\p18F87J11.asm
                    TMR3H   0x000f7b       data     extern C:\MCC18\src\traditional\proc\p18F87J11.asm
                    TMR3L   0x000f7a       data     extern C:\MCC18\src\traditional\proc\p18F87J11.asm
                     TMR4   0x000f78       data     extern C:\MCC18\src\traditional\proc\p18F87J11.asm
                      TOS   0x000ffd       data     extern C:\MCC18\src\traditional\proc\p18F87J11.asm
                     TOSH   0x000ffe       data     extern C:\MCC18\src\traditional\proc\p18F87J11.asm
                     TOSL   0x000ffd       data     extern C:\MCC18\src\traditional\proc\p18F87J11.asm
                     TOSU   0x000fff       data     extern C:\MCC18\src\traditional\proc\p18F87J11.asm
                    TRISA   0x000f92       data     extern C:\MCC18\src\traditional\proc\p18F87J11.asm
                TRISAbits   0x000f92       data     extern C:\MCC18\src\traditional\proc\p18F87J11.asm
                    TRISB   0x000f93       data     extern C:\MCC18\src\traditional\proc\p18F87J11.asm
                TRISBbits   0x000f93       data     extern C:\MCC18\src\traditional\proc\p18F87J11.asm
                    TRISC   0x000f94       data     extern C:\MCC18\src\traditional\proc\p18F87J11.asm
                TRISCbits   0x000f94       data     extern C:\MCC18\src\traditional\proc\p18F87J11.asm
                    TRISD   0x000f95       data     extern C:\MCC18\src\traditional\proc\p18F87J11.asm
                TRISDbits   0x000f95       data     extern C:\MCC18\src\traditional\proc\p18F87J11.asm
                    TRISE   0x000f96       data     extern C:\MCC18\src\traditional\proc\p18F87J11.asm
                TRISEbits   0x000f96       data     extern C:\MCC18\src\traditional\proc\p18F87J11.asm
                    TRISF   0x000f97       data     extern C:\MCC18\src\traditional\proc\p18F87J11.asm
                TRISFbits   0x000f97       data     extern C:\MCC18\src\traditional\proc\p18F87J11.asm
                    TRISG   0x000f98       data     extern C:\MCC18\src\traditional\proc\p18F87J11.asm
                TRISGbits   0x000f98       data     extern C:\MCC18\src\traditional\proc\p18F87J11.asm
                    TRISH   0x000f99       data     extern C:\MCC18\src\traditional\proc\p18F87J11.asm
                TRISHbits   0x000f99       data     extern C:\MCC18\src\traditional\proc\p18F87J11.asm
                    TRISJ   0x000f9a       data     extern C:\MCC18\src\traditional\proc\p18F87J11.asm
                TRISJbits   0x000f9a       data     extern C:\MCC18\src\traditional\proc\p18F87J11.asm
                    TXREG   0x000fae       data     extern C:\MCC18\src\traditional\proc\p18F87J11.asm
                   TXREG1   0x000fae       data     extern C:\MCC18\src\traditional\proc\p18F87J11.asm
                   TXREG2   0x000fa9       data     extern C:\MCC18\src\traditional\proc\p18F87J11.asm
                    TXSTA   0x000fad       data     extern C:\MCC18\src\traditional\proc\p18F87J11.asm
                   TXSTA1   0x000fad       data     extern C:\MCC18\src\traditional\proc\p18F87J11.asm
               TXSTA1bits   0x000fad       data     extern C:\MCC18\src\traditional\proc\p18F87J11.asm
                   TXSTA2   0x000fa8       data     extern C:\MCC18\src\traditional\proc\p18F87J11.asm
               TXSTA2bits   0x000fa8       data     extern C:\MCC18\src\traditional\proc\p18F87J11.asm
                TXSTAbits   0x000fad       data     extern C:\MCC18\src\traditional\proc\p18F87J11.asm
                   WDTCON   0x000fc0       data     extern C:\MCC18\src\traditional\proc\p18F87J11.asm
               WDTCONbits   0x000fc0       data     extern C:\MCC18\src\traditional\proc\p18F87J11.asm
                     WREG   0x000fe8       data     extern C:\MCC18\src\traditional\proc\p18F87J11.asm
                __FPFLAGS   0x000005       data     extern C:\MCC18\src\traditional\math\cmath18.asm
            __FPFLAGSbits   0x000005       data     extern C:\MCC18\src\traditional\math\cmath18.asm
                  __tmp_0   0x000000       data     static C:\Users\Dan\Documents\Electronics\PIC\QuadRotor\WirelessServoController.c
                curr_byte   0x000f2b       data     static C:\MCC18\src\traditional\startup\c018i.c
               curr_entry   0x000f2d       data     static C:\MCC18\src\traditional\startup\c018i.c
                     data   0x000f06       data     extern C:\Users\Dan\Documents\Electronics\PIC\QuadRotor\WirelessServoController.c
                 data_ptr   0x000f2f       data     static C:\MCC18\src\traditional\startup\c018i.c
                     flag   0x000f27       data     extern C:\Users\Dan\Documents\Electronics\PIC\QuadRotor\WirelessServoController.c
                    index   0x000f26       data     extern C:\Users\Dan\Documents\Electronics\PIC\QuadRotor\WirelessServoController.c
                     prom   0x000f28       data     static C:\MCC18\src\traditional\startup\c018i.c
                    s_ctr   0x000f00       data     extern C:\Users\Dan\Documents\Electronics\PIC\QuadRotor\WirelessServoController.c
                   s_nval   0x000f04       data     extern C:\Users\Dan\Documents\Electronics\PIC\QuadRotor\WirelessServoController.c
                    s_val   0x000f02       data     extern C:\Users\Dan\Documents\Electronics\PIC\QuadRotor\WirelessServoController.c



                              Symbols - Sorted by Address
                     Name    Address   Location    Storage File                     
                ---------  ---------  ---------  --------- ---------                
                   _entry   0x000000    program     extern C:\MCC18\src\traditional\startup\c018i.c
       ___return_lbl00000   0x000004    program     static                          
                   __init   0x000006    program     extern C:\MCC18\src\traditional\stdclib\__init.c
           high_interrupt   0x000008    program     extern C:\Users\Dan\Documents\Electronics\PIC\QuadRotor\WirelessServoController.c
       ___return_lbl00007   0x00000c    program     static                          
                 delay_ms   0x00001c    program     extern C:\Users\Dan\Documents\Electronics\PIC\QuadRotor\WirelessServoController.c
          ___for_lbl00006   0x000038    program     static                          
          ___for_lbl00005   0x00005e    program     static                          
               __tmplbl_0   0x00007e    program     static                          
          ___for_lbl00003   0x000082    program     static                          
          ___for_lbl00001   0x00008e    program     static                          
          ___for_lbl00004   0x00008e    program     static                          
       ___return_lbl00000   0x000098    program     static                          
          ___for_lbl00002   0x000098    program     static                          
                      isr   0x0000ac    program     extern C:\Users\Dan\Documents\Electronics\PIC\QuadRotor\WirelessServoController.c
                     init   0x00013e    program     extern C:\Users\Dan\Documents\Electronics\PIC\QuadRotor\WirelessServoController.c
                     main   0x000168    program     extern C:\Users\Dan\Documents\Electronics\PIC\QuadRotor\WirelessServoController.c
               find_start   0x0001c6    program     extern C:\Users\Dan\Documents\Electronics\PIC\QuadRotor\WirelessServoController.c
                _do_cinit   0x000218    program     extern C:\MCC18\src\traditional\startup\c018i.c
                     test   0x000232    program     static                          
                copy_loop   0x00028a    program     static                          
            copy_one_byte   0x000290    program     static                          
             done_copying   0x00029e    program     static                          
                     done   0x0002b4    program     static                          
       ___return_lbl00002   0x0002b4    program     static                          
            __zero_memory   0x0002b6    program     extern C:\MCC18\src\traditional\proc\p18F87J11.asm
                   loop_h   0x0002c4    program     static C:\MCC18\src\traditional\proc\p18F87J11.asm
               zero_block   0x0002c4    program     static C:\MCC18\src\traditional\proc\p18F87J11.asm
                compare_l   0x0002cc    program     static C:\MCC18\src\traditional\proc\p18F87J11.asm
                   loop_l   0x0002ce    program     static C:\MCC18\src\traditional\proc\p18F87J11.asm
                 _startup   0x0002d6    program     extern C:\MCC18\src\traditional\startup\c018i.c
                     loop   0x0002e6    program     static                          
       ___return_lbl00001   0x0002f0    program     static                          
               __config_0   0x01fff8    program     static C:\Users\Dan\Documents\Electronics\PIC\QuadRotor\WirelessServoController.c
               __config_1   0x01fff9    program     static C:\Users\Dan\Documents\Electronics\PIC\QuadRotor\WirelessServoController.c
               __config_2   0x01fffa    program     static C:\Users\Dan\Documents\Electronics\PIC\QuadRotor\WirelessServoController.c
                  __tmp_0   0x000000       data     static C:\Users\Dan\Documents\Electronics\PIC\QuadRotor\WirelessServoController.c
                     SIGN   0x000004       data     extern C:\MCC18\src\traditional\math\cmath18.asm
            __FPFLAGSbits   0x000005       data     extern C:\MCC18\src\traditional\math\cmath18.asm
                __FPFLAGS   0x000005       data     extern C:\MCC18\src\traditional\math\cmath18.asm
                    s_ctr   0x000f00       data     extern C:\Users\Dan\Documents\Electronics\PIC\QuadRotor\WirelessServoController.c
                    s_val   0x000f02       data     extern C:\Users\Dan\Documents\Electronics\PIC\QuadRotor\WirelessServoController.c
                   s_nval   0x000f04       data     extern C:\Users\Dan\Documents\Electronics\PIC\QuadRotor\WirelessServoController.c
                     data   0x000f06       data     extern C:\Users\Dan\Documents\Electronics\PIC\QuadRotor\WirelessServoController.c
                    index   0x000f26       data     extern C:\Users\Dan\Documents\Electronics\PIC\QuadRotor\WirelessServoController.c
                     flag   0x000f27       data     extern C:\Users\Dan\Documents\Electronics\PIC\QuadRotor\WirelessServoController.c
                     prom   0x000f28       data     static C:\MCC18\src\traditional\startup\c018i.c
                curr_byte   0x000f2b       data     static C:\MCC18\src\traditional\startup\c018i.c
               curr_entry   0x000f2d       data     static C:\MCC18\src\traditional\startup\c018i.c
                 data_ptr   0x000f2f       data     static C:\MCC18\src\traditional\startup\c018i.c
                   PMSTAT   0x000f5a       data     extern C:\MCC18\src\traditional\proc\p18F87J11.asm
                  PMSTATL   0x000f5a       data     extern C:\MCC18\src\traditional\proc\p18F87J11.asm
              PMSTATLbits   0x000f5a       data     extern C:\MCC18\src\traditional\proc\p18F87J11.asm
              PMSTATHbits   0x000f5b       data     extern C:\MCC18\src\traditional\proc\p18F87J11.asm
                  PMSTATH   0x000f5b       data     extern C:\MCC18\src\traditional\proc\p18F87J11.asm
                     PMEN   0x000f5c       data     extern C:\MCC18\src\traditional\proc\p18F87J11.asm
                 PMELbits   0x000f5c       data     extern C:\MCC18\src\traditional\proc\p18F87J11.asm
                     PMEL   0x000f5c       data     extern C:\MCC18\src\traditional\proc\p18F87J11.asm
                 PMEHbits   0x000f5d       data     extern C:\MCC18\src\traditional\proc\p18F87J11.asm
                     PMEH   0x000f5d       data     extern C:\MCC18\src\traditional\proc\p18F87J11.asm
                   PMDIN2   0x000f5e       data     extern C:\MCC18\src\traditional\proc\p18F87J11.asm
                  PMDIN2L   0x000f5e       data     extern C:\MCC18\src\traditional\proc\p18F87J11.asm
                  PMDIN2H   0x000f5f       data     extern C:\MCC18\src\traditional\proc\p18F87J11.asm
                  PMDOUT2   0x000f60       data     extern C:\MCC18\src\traditional\proc\p18F87J11.asm
                 PMDOUT2L   0x000f60       data     extern C:\MCC18\src\traditional\proc\p18F87J11.asm
                 PMDOUT2H   0x000f61       data     extern C:\MCC18\src\traditional\proc\p18F87J11.asm
                   PMMODE   0x000f62       data     extern C:\MCC18\src\traditional\proc\p18F87J11.asm
                  PMMODEL   0x000f62       data     extern C:\MCC18\src\traditional\proc\p18F87J11.asm
              PMMODELbits   0x000f62       data     extern C:\MCC18\src\traditional\proc\p18F87J11.asm
                  PMMODEH   0x000f63       data     extern C:\MCC18\src\traditional\proc\p18F87J11.asm
              PMMODEHbits   0x000f63       data     extern C:\MCC18\src\traditional\proc\p18F87J11.asm
               PMCONLbits   0x000f64       data     extern C:\MCC18\src\traditional\proc\p18F87J11.asm
                   PMCONL   0x000f64       data     extern C:\MCC18\src\traditional\proc\p18F87J11.asm
                    PMCON   0x000f64       data     extern C:\MCC18\src\traditional\proc\p18F87J11.asm
                   PMCONH   0x000f65       data     extern C:\MCC18\src\traditional\proc\p18F87J11.asm
               PMCONHbits   0x000f65       data     extern C:\MCC18\src\traditional\proc\p18F87J11.asm
                  PMDIN1L   0x000f66       data     extern C:\MCC18\src\traditional\proc\p18F87J11.asm
                   PMDIN1   0x000f66       data     extern C:\MCC18\src\traditional\proc\p18F87J11.asm
                  PMDIN1H   0x000f67       data     extern C:\MCC18\src\traditional\proc\p18F87J11.asm
                 PMDOUT1L   0x000f68       data     extern C:\MCC18\src\traditional\proc\p18F87J11.asm
                  PMDOUT1   0x000f68       data     extern C:\MCC18\src\traditional\proc\p18F87J11.asm
                  PMADDRL   0x000f68       data     extern C:\MCC18\src\traditional\proc\p18F87J11.asm
                   PMADDR   0x000f68       data     extern C:\MCC18\src\traditional\proc\p18F87J11.asm
              PMADDRHbits   0x000f69       data     extern C:\MCC18\src\traditional\proc\p18F87J11.asm
                  PMADDRH   0x000f69       data     extern C:\MCC18\src\traditional\proc\p18F87J11.asm
                 PMDOUT1H   0x000f69       data     extern C:\MCC18\src\traditional\proc\p18F87J11.asm
                   CMSTAT   0x000f6a       data     extern C:\MCC18\src\traditional\proc\p18F87J11.asm
                 CMSTATUS   0x000f6a       data     extern C:\MCC18\src\traditional\proc\p18F87J11.asm
             CMSTATUSbits   0x000f6a       data     extern C:\MCC18\src\traditional\proc\p18F87J11.asm
               CMSTATbits   0x000f6a       data     extern C:\MCC18\src\traditional\proc\p18F87J11.asm
             SSP2CON2bits   0x000f6b       data     extern C:\MCC18\src\traditional\proc\p18F87J11.asm
                 SSP2CON2   0x000f6b       data     extern C:\MCC18\src\traditional\proc\p18F87J11.asm
             SSP2CON1bits   0x000f6c       data     extern C:\MCC18\src\traditional\proc\p18F87J11.asm
                 SSP2CON1   0x000f6c       data     extern C:\MCC18\src\traditional\proc\p18F87J11.asm
                 SSP2STAT   0x000f6d       data     extern C:\MCC18\src\traditional\proc\p18F87J11.asm
             SSP2STATbits   0x000f6d       data     extern C:\MCC18\src\traditional\proc\p18F87J11.asm
                  SSP2ADD   0x000f6e       data     extern C:\MCC18\src\traditional\proc\p18F87J11.asm
                  SSP2MSK   0x000f6e       data     extern C:\MCC18\src\traditional\proc\p18F87J11.asm
              SSP2MSKbits   0x000f6e       data     extern C:\MCC18\src\traditional\proc\p18F87J11.asm
                  SSP2BUF   0x000f6f       data     extern C:\MCC18\src\traditional\proc\p18F87J11.asm
                  CCP5CON   0x000f70       data     extern C:\MCC18\src\traditional\proc\p18F87J11.asm
              CCP5CONbits   0x000f70       data     extern C:\MCC18\src\traditional\proc\p18F87J11.asm
                   CCPR5L   0x000f71       data     extern C:\MCC18\src\traditional\proc\p18F87J11.asm
                    CCPR5   0x000f71       data     extern C:\MCC18\src\traditional\proc\p18F87J11.asm
                   CCPR5H   0x000f72       data     extern C:\MCC18\src\traditional\proc\p18F87J11.asm
              CCP4CONbits   0x000f73       data     extern C:\MCC18\src\traditional\proc\p18F87J11.asm
                  CCP4CON   0x000f73       data     extern C:\MCC18\src\traditional\proc\p18F87J11.asm
                    CCPR4   0x000f74       data     extern C:\MCC18\src\traditional\proc\p18F87J11.asm
                   CCPR4L   0x000f74       data     extern C:\MCC18\src\traditional\proc\p18F87J11.asm
                   CCPR4H   0x000f75       data     extern C:\MCC18\src\traditional\proc\p18F87J11.asm
                T4CONbits   0x000f76       data     extern C:\MCC18\src\traditional\proc\p18F87J11.asm
                    T4CON   0x000f76       data     extern C:\MCC18\src\traditional\proc\p18F87J11.asm
                      PR4   0x000f77       data     extern C:\MCC18\src\traditional\proc\p18F87J11.asm
               CVRCONbits   0x000f77       data     extern C:\MCC18\src\traditional\proc\p18F87J11.asm
                   CVRCON   0x000f77       data     extern C:\MCC18\src\traditional\proc\p18F87J11.asm
                     TMR4   0x000f78       data     extern C:\MCC18\src\traditional\proc\p18F87J11.asm
                    T3CON   0x000f79       data     extern C:\MCC18\src\traditional\proc\p18F87J11.asm
                T3CONbits   0x000f79       data     extern C:\MCC18\src\traditional\proc\p18F87J11.asm
                    TMR3L   0x000f7a       data     extern C:\MCC18\src\traditional\proc\p18F87J11.asm
                    TMR3H   0x000f7b       data     extern C:\MCC18\src\traditional\proc\p18F87J11.asm
             BAUDCON2bits   0x000f7c       data     extern C:\MCC18\src\traditional\proc\p18F87J11.asm
                 BAUDCON2   0x000f7c       data     extern C:\MCC18\src\traditional\proc\p18F87J11.asm
                  SPBRGH2   0x000f7d       data     extern C:\MCC18\src\traditional\proc\p18F87J11.asm
              BAUDCONbits   0x000f7e       data     extern C:\MCC18\src\traditional\proc\p18F87J11.asm
                 BAUDCON1   0x000f7e       data     extern C:\MCC18\src\traditional\proc\p18F87J11.asm
                  BAUDCON   0x000f7e       data     extern C:\MCC18\src\traditional\proc\p18F87J11.asm
             BAUDCON1bits   0x000f7e       data     extern C:\MCC18\src\traditional\proc\p18F87J11.asm
                  SPBRGH1   0x000f7f       data     extern C:\MCC18\src\traditional\proc\p18F87J11.asm
                    PORTA   0x000f80       data     extern C:\MCC18\src\traditional\proc\p18F87J11.asm
                PORTAbits   0x000f80       data     extern C:\MCC18\src\traditional\proc\p18F87J11.asm
                    PORTB   0x000f81       data     extern C:\MCC18\src\traditional\proc\p18F87J11.asm
                PORTBbits   0x000f81       data     extern C:\MCC18\src\traditional\proc\p18F87J11.asm
                PORTCbits   0x000f82       data     extern C:\MCC18\src\traditional\proc\p18F87J11.asm
                    PORTC   0x000f82       data     extern C:\MCC18\src\traditional\proc\p18F87J11.asm
                    PORTD   0x000f83       data     extern C:\MCC18\src\traditional\proc\p18F87J11.asm
                PORTDbits   0x000f83       data     extern C:\MCC18\src\traditional\proc\p18F87J11.asm
                PORTEbits   0x000f84       data     extern C:\MCC18\src\traditional\proc\p18F87J11.asm
                    PORTE   0x000f84       data     extern C:\MCC18\src\traditional\proc\p18F87J11.asm
                PORTFbits   0x000f85       data     extern C:\MCC18\src\traditional\proc\p18F87J11.asm
                    PORTF   0x000f85       data     extern C:\MCC18\src\traditional\proc\p18F87J11.asm
                    PORTG   0x000f86       data     extern C:\MCC18\src\traditional\proc\p18F87J11.asm
                PORTGbits   0x000f86       data     extern C:\MCC18\src\traditional\proc\p18F87J11.asm
                    PORTH   0x000f87       data     extern C:\MCC18\src\traditional\proc\p18F87J11.asm
                PORTHbits   0x000f87       data     extern C:\MCC18\src\traditional\proc\p18F87J11.asm
                    PORTJ   0x000f88       data     extern C:\MCC18\src\traditional\proc\p18F87J11.asm
                PORTJbits   0x000f88       data     extern C:\MCC18\src\traditional\proc\p18F87J11.asm
                     LATA   0x000f89       data     extern C:\MCC18\src\traditional\proc\p18F87J11.asm
                 LATAbits   0x000f89       data     extern C:\MCC18\src\traditional\proc\p18F87J11.asm
                     LATB   0x000f8a       data     extern C:\MCC18\src\traditional\proc\p18F87J11.asm
                 LATBbits   0x000f8a       data     extern C:\MCC18\src\traditional\proc\p18F87J11.asm
                 LATCbits   0x000f8b       data     extern C:\MCC18\src\traditional\proc\p18F87J11.asm
                     LATC   0x000f8b       data     extern C:\MCC18\src\traditional\proc\p18F87J11.asm
                 LATDbits   0x000f8c       data     extern C:\MCC18\src\traditional\proc\p18F87J11.asm
                     LATD   0x000f8c       data     extern C:\MCC18\src\traditional\proc\p18F87J11.asm
                     LATE   0x000f8d       data     extern C:\MCC18\src\traditional\proc\p18F87J11.asm
                 LATEbits   0x000f8d       data     extern C:\MCC18\src\traditional\proc\p18F87J11.asm
                     LATF   0x000f8e       data     extern C:\MCC18\src\traditional\proc\p18F87J11.asm
                 LATFbits   0x000f8e       data     extern C:\MCC18\src\traditional\proc\p18F87J11.asm
                     LATG   0x000f8f       data     extern C:\MCC18\src\traditional\proc\p18F87J11.asm
                 LATGbits   0x000f8f       data     extern C:\MCC18\src\traditional\proc\p18F87J11.asm
                     LATH   0x000f90       data     extern C:\MCC18\src\traditional\proc\p18F87J11.asm
                 LATHbits   0x000f90       data     extern C:\MCC18\src\traditional\proc\p18F87J11.asm
                     LATJ   0x000f91       data     extern C:\MCC18\src\traditional\proc\p18F87J11.asm
                 LATJbits   0x000f91       data     extern C:\MCC18\src\traditional\proc\p18F87J11.asm
                     DDRA   0x000f92       data     extern C:\MCC18\src\traditional\proc\p18F87J11.asm
                 DDRAbits   0x000f92       data     extern C:\MCC18\src\traditional\proc\p18F87J11.asm
                    TRISA   0x000f92       data     extern C:\MCC18\src\traditional\proc\p18F87J11.asm
                TRISAbits   0x000f92       data     extern C:\MCC18\src\traditional\proc\p18F87J11.asm
                 DDRBbits   0x000f93       data     extern C:\MCC18\src\traditional\proc\p18F87J11.asm
                     DDRB   0x000f93       data     extern C:\MCC18\src\traditional\proc\p18F87J11.asm
                    TRISB   0x000f93       data     extern C:\MCC18\src\traditional\proc\p18F87J11.asm
                TRISBbits   0x000f93       data     extern C:\MCC18\src\traditional\proc\p18F87J11.asm
                    TRISC   0x000f94       data     extern C:\MCC18\src\traditional\proc\p18F87J11.asm
                     DDRC   0x000f94       data     extern C:\MCC18\src\traditional\proc\p18F87J11.asm
                 DDRCbits   0x000f94       data     extern C:\MCC18\src\traditional\proc\p18F87J11.asm
                TRISCbits   0x000f94       data     extern C:\MCC18\src\traditional\proc\p18F87J11.asm
                TRISDbits   0x000f95       data     extern C:\MCC18\src\traditional\proc\p18F87J11.asm
                     DDRD   0x000f95       data     extern C:\MCC18\src\traditional\proc\p18F87J11.asm
                 DDRDbits   0x000f95       data     extern C:\MCC18\src\traditional\proc\p18F87J11.asm
                    TRISD   0x000f95       data     extern C:\MCC18\src\traditional\proc\p18F87J11.asm
                     DDRE   0x000f96       data     extern C:\MCC18\src\traditional\proc\p18F87J11.asm
                    TRISE   0x000f96       data     extern C:\MCC18\src\traditional\proc\p18F87J11.asm
                TRISEbits   0x000f96       data     extern C:\MCC18\src\traditional\proc\p18F87J11.asm
                 DDREbits   0x000f96       data     extern C:\MCC18\src\traditional\proc\p18F87J11.asm
                     DDRF   0x000f97       data     extern C:\MCC18\src\traditional\proc\p18F87J11.asm
                TRISFbits   0x000f97       data     extern C:\MCC18\src\traditional\proc\p18F87J11.asm
                    TRISF   0x000f97       data     extern C:\MCC18\src\traditional\proc\p18F87J11.asm
                 DDRFbits   0x000f97       data     extern C:\MCC18\src\traditional\proc\p18F87J11.asm
                TRISGbits   0x000f98       data     extern C:\MCC18\src\traditional\proc\p18F87J11.asm
                    TRISG   0x000f98       data     extern C:\MCC18\src\traditional\proc\p18F87J11.asm
                 DDRGbits   0x000f98       data     extern C:\MCC18\src\traditional\proc\p18F87J11.asm
                     DDRG   0x000f98       data     extern C:\MCC18\src\traditional\proc\p18F87J11.asm
                TRISHbits   0x000f99       data     extern C:\MCC18\src\traditional\proc\p18F87J11.asm
                    TRISH   0x000f99       data     extern C:\MCC18\src\traditional\proc\p18F87J11.asm
                 DDRHbits   0x000f99       data     extern C:\MCC18\src\traditional\proc\p18F87J11.asm
                     DDRH   0x000f99       data     extern C:\MCC18\src\traditional\proc\p18F87J11.asm
                     DDRJ   0x000f9a       data     extern C:\MCC18\src\traditional\proc\p18F87J11.asm
                TRISJbits   0x000f9a       data     extern C:\MCC18\src\traditional\proc\p18F87J11.asm
                    TRISJ   0x000f9a       data     extern C:\MCC18\src\traditional\proc\p18F87J11.asm
                 DDRJbits   0x000f9a       data     extern C:\MCC18\src\traditional\proc\p18F87J11.asm
              OSCTUNEbits   0x000f9b       data     extern C:\MCC18\src\traditional\proc\p18F87J11.asm
                  OSCTUNE   0x000f9b       data     extern C:\MCC18\src\traditional\proc\p18F87J11.asm
                   RCSTA2   0x000f9c       data     extern C:\MCC18\src\traditional\proc\p18F87J11.asm
               RCSTA2bits   0x000f9c       data     extern C:\MCC18\src\traditional\proc\p18F87J11.asm
                 PIE1bits   0x000f9d       data     extern C:\MCC18\src\traditional\proc\p18F87J11.asm
                     PIE1   0x000f9d       data     extern C:\MCC18\src\traditional\proc\p18F87J11.asm
                     PIR1   0x000f9e       data     extern C:\MCC18\src\traditional\proc\p18F87J11.asm
                 PIR1bits   0x000f9e       data     extern C:\MCC18\src\traditional\proc\p18F87J11.asm
                 IPR1bits   0x000f9f       data     extern C:\MCC18\src\traditional\proc\p18F87J11.asm
                     IPR1   0x000f9f       data     extern C:\MCC18\src\traditional\proc\p18F87J11.asm
                 PIE2bits   0x000fa0       data     extern C:\MCC18\src\traditional\proc\p18F87J11.asm
                     PIE2   0x000fa0       data     extern C:\MCC18\src\traditional\proc\p18F87J11.asm
                 PIR2bits   0x000fa1       data     extern C:\MCC18\src\traditional\proc\p18F87J11.asm
                     PIR2   0x000fa1       data     extern C:\MCC18\src\traditional\proc\p18F87J11.asm
                     IPR2   0x000fa2       data     extern C:\MCC18\src\traditional\proc\p18F87J11.asm
                 IPR2bits   0x000fa2       data     extern C:\MCC18\src\traditional\proc\p18F87J11.asm
                 PIE3bits   0x000fa3       data     extern C:\MCC18\src\traditional\proc\p18F87J11.asm
                     PIE3   0x000fa3       data     extern C:\MCC18\src\traditional\proc\p18F87J11.asm
                 PIR3bits   0x000fa4       data     extern C:\MCC18\src\traditional\proc\p18F87J11.asm
                     PIR3   0x000fa4       data     extern C:\MCC18\src\traditional\proc\p18F87J11.asm
                     IPR3   0x000fa5       data     extern C:\MCC18\src\traditional\proc\p18F87J11.asm
                 IPR3bits   0x000fa5       data     extern C:\MCC18\src\traditional\proc\p18F87J11.asm
                   EECON1   0x000fa6       data     extern C:\MCC18\src\traditional\proc\p18F87J11.asm
               EECON1bits   0x000fa6       data     extern C:\MCC18\src\traditional\proc\p18F87J11.asm
                   EECON2   0x000fa7       data     extern C:\MCC18\src\traditional\proc\p18F87J11.asm
                   TXSTA2   0x000fa8       data     extern C:\MCC18\src\traditional\proc\p18F87J11.asm
               TXSTA2bits   0x000fa8       data     extern C:\MCC18\src\traditional\proc\p18F87J11.asm
                   TXREG2   0x000fa9       data     extern C:\MCC18\src\traditional\proc\p18F87J11.asm
                   RCREG2   0x000faa       data     extern C:\MCC18\src\traditional\proc\p18F87J11.asm
                   SPBRG2   0x000fab       data     extern C:\MCC18\src\traditional\proc\p18F87J11.asm
                    RCSTA   0x000fac       data     extern C:\MCC18\src\traditional\proc\p18F87J11.asm
                   RCSTA1   0x000fac       data     extern C:\MCC18\src\traditional\proc\p18F87J11.asm
               RCSTA1bits   0x000fac       data     extern C:\MCC18\src\traditional\proc\p18F87J11.asm
                RCSTAbits   0x000fac       data     extern C:\MCC18\src\traditional\proc\p18F87J11.asm
                    TXSTA   0x000fad       data     extern C:\MCC18\src\traditional\proc\p18F87J11.asm
                   TXSTA1   0x000fad       data     extern C:\MCC18\src\traditional\proc\p18F87J11.asm
               TXSTA1bits   0x000fad       data     extern C:\MCC18\src\traditional\proc\p18F87J11.asm
                TXSTAbits   0x000fad       data     extern C:\MCC18\src\traditional\proc\p18F87J11.asm
                   TXREG1   0x000fae       data     extern C:\MCC18\src\traditional\proc\p18F87J11.asm
                    TXREG   0x000fae       data     extern C:\MCC18\src\traditional\proc\p18F87J11.asm
                    RCREG   0x000faf       data     extern C:\MCC18\src\traditional\proc\p18F87J11.asm
                   RCREG1   0x000faf       data     extern C:\MCC18\src\traditional\proc\p18F87J11.asm
                    SPBRG   0x000fb0       data     extern C:\MCC18\src\traditional\proc\p18F87J11.asm
                   SPBRG1   0x000fb0       data     extern C:\MCC18\src\traditional\proc\p18F87J11.asm
                 ECCP3CON   0x000fb1       data     extern C:\MCC18\src\traditional\proc\p18F87J11.asm
             ECCP3CONbits   0x000fb1       data     extern C:\MCC18\src\traditional\proc\p18F87J11.asm
                  CCP3CON   0x000fb1       data     extern C:\MCC18\src\traditional\proc\p18F87J11.asm
              CCP3CONbits   0x000fb1       data     extern C:\MCC18\src\traditional\proc\p18F87J11.asm
                   CCPR3L   0x000fb2       data     extern C:\MCC18\src\traditional\proc\p18F87J11.asm
                    CCPR3   0x000fb2       data     extern C:\MCC18\src\traditional\proc\p18F87J11.asm
                   CCPR3H   0x000fb3       data     extern C:\MCC18\src\traditional\proc\p18F87J11.asm
                 ECCP3DEL   0x000fb4       data     extern C:\MCC18\src\traditional\proc\p18F87J11.asm
             ECCP3DELbits   0x000fb4       data     extern C:\MCC18\src\traditional\proc\p18F87J11.asm
                  ECCP3AS   0x000fb5       data     extern C:\MCC18\src\traditional\proc\p18F87J11.asm
              ECCP3ASbits   0x000fb5       data     extern C:\MCC18\src\traditional\proc\p18F87J11.asm
              CCP2CONbits   0x000fb6       data     extern C:\MCC18\src\traditional\proc\p18F87J11.asm
                  CCP2CON   0x000fb6       data     extern C:\MCC18\src\traditional\proc\p18F87J11.asm
             ECCP2CONbits   0x000fb6       data     extern C:\MCC18\src\traditional\proc\p18F87J11.asm
                 ECCP2CON   0x000fb6       data     extern C:\MCC18\src\traditional\proc\p18F87J11.asm
                    CCPR2   0x000fb7       data     extern C:\MCC18\src\traditional\proc\p18F87J11.asm
                   CCPR2L   0x000fb7       data     extern C:\MCC18\src\traditional\proc\p18F87J11.asm
                   CCPR2H   0x000fb8       data     extern C:\MCC18\src\traditional\proc\p18F87J11.asm
             ECCP2DELbits   0x000fb9       data     extern C:\MCC18\src\traditional\proc\p18F87J11.asm
                 ECCP2DEL   0x000fb9       data     extern C:\MCC18\src\traditional\proc\p18F87J11.asm
              ECCP2ASbits   0x000fba       data     extern C:\MCC18\src\traditional\proc\p18F87J11.asm
                  ECCP2AS   0x000fba       data     extern C:\MCC18\src\traditional\proc\p18F87J11.asm
                  CCP1CON   0x000fbb       data     extern C:\MCC18\src\traditional\proc\p18F87J11.asm
              CCP1CONbits   0x000fbb       data     extern C:\MCC18\src\traditional\proc\p18F87J11.asm
             ECCP1CONbits   0x000fbb       data     extern C:\MCC18\src\traditional\proc\p18F87J11.asm
                 ECCP1CON   0x000fbb       data     extern C:\MCC18\src\traditional\proc\p18F87J11.asm
                    CCPR1   0x000fbc       data     extern C:\MCC18\src\traditional\proc\p18F87J11.asm
                   CCPR1L   0x000fbc       data     extern C:\MCC18\src\traditional\proc\p18F87J11.asm
                   CCPR1H   0x000fbd       data     extern C:\MCC18\src\traditional\proc\p18F87J11.asm
                 ECCP1DEL   0x000fbe       data     extern C:\MCC18\src\traditional\proc\p18F87J11.asm
             ECCP1DELbits   0x000fbe       data     extern C:\MCC18\src\traditional\proc\p18F87J11.asm
                  ECCP1AS   0x000fbf       data     extern C:\MCC18\src\traditional\proc\p18F87J11.asm
              ECCP1ASbits   0x000fbf       data     extern C:\MCC18\src\traditional\proc\p18F87J11.asm
                   WDTCON   0x000fc0       data     extern C:\MCC18\src\traditional\proc\p18F87J11.asm
               WDTCONbits   0x000fc0       data     extern C:\MCC18\src\traditional\proc\p18F87J11.asm
               ANCON0bits   0x000fc1       data     extern C:\MCC18\src\traditional\proc\p18F87J11.asm
                   ANCON0   0x000fc1       data     extern C:\MCC18\src\traditional\proc\p18F87J11.asm
               ADCON1bits   0x000fc1       data     extern C:\MCC18\src\traditional\proc\p18F87J11.asm
                   ADCON1   0x000fc1       data     extern C:\MCC18\src\traditional\proc\p18F87J11.asm
               ANCON1bits   0x000fc2       data     extern C:\MCC18\src\traditional\proc\p18F87J11.asm
                   ANCON1   0x000fc2       data     extern C:\MCC18\src\traditional\proc\p18F87J11.asm
               ADCON0bits   0x000fc2       data     extern C:\MCC18\src\traditional\proc\p18F87J11.asm
                   ADCON0   0x000fc2       data     extern C:\MCC18\src\traditional\proc\p18F87J11.asm
                   ADRESL   0x000fc3       data     extern C:\MCC18\src\traditional\proc\p18F87J11.asm
                    ADRES   0x000fc3       data     extern C:\MCC18\src\traditional\proc\p18F87J11.asm
                   ADRESH   0x000fc4       data     extern C:\MCC18\src\traditional\proc\p18F87J11.asm
             SSP1CON2bits   0x000fc5       data     extern C:\MCC18\src\traditional\proc\p18F87J11.asm
                 SSP1CON2   0x000fc5       data     extern C:\MCC18\src\traditional\proc\p18F87J11.asm
                  SSPCON2   0x000fc5       data     extern C:\MCC18\src\traditional\proc\p18F87J11.asm
              SSPCON2bits   0x000fc5       data     extern C:\MCC18\src\traditional\proc\p18F87J11.asm
              SSPCON1bits   0x000fc6       data     extern C:\MCC18\src\traditional\proc\p18F87J11.asm
                  SSPCON1   0x000fc6       data     extern C:\MCC18\src\traditional\proc\p18F87J11.asm
                 SSP1CON1   0x000fc6       data     extern C:\MCC18\src\traditional\proc\p18F87J11.asm
             SSP1CON1bits   0x000fc6       data     extern C:\MCC18\src\traditional\proc\p18F87J11.asm
                  SSPSTAT   0x000fc7       data     extern C:\MCC18\src\traditional\proc\p18F87J11.asm
              SSPSTATbits   0x000fc7       data     extern C:\MCC18\src\traditional\proc\p18F87J11.asm
             SSP1STATbits   0x000fc7       data     extern C:\MCC18\src\traditional\proc\p18F87J11.asm
                 SSP1STAT   0x000fc7       data     extern C:\MCC18\src\traditional\proc\p18F87J11.asm
                  SSP1MSK   0x000fc8       data     extern C:\MCC18\src\traditional\proc\p18F87J11.asm
                  SSP1ADD   0x000fc8       data     extern C:\MCC18\src\traditional\proc\p18F87J11.asm
                   SSPADD   0x000fc8       data     extern C:\MCC18\src\traditional\proc\p18F87J11.asm
                  SSP1BUF   0x000fc9       data     extern C:\MCC18\src\traditional\proc\p18F87J11.asm
                   SSPBUF   0x000fc9       data     extern C:\MCC18\src\traditional\proc\p18F87J11.asm
                    T2CON   0x000fca       data     extern C:\MCC18\src\traditional\proc\p18F87J11.asm
                T2CONbits   0x000fca       data     extern C:\MCC18\src\traditional\proc\p18F87J11.asm
               MEMCONbits   0x000fcb       data     extern C:\MCC18\src\traditional\proc\p18F87J11.asm
                   MEMCON   0x000fcb       data     extern C:\MCC18\src\traditional\proc\p18F87J11.asm
                      PR2   0x000fcb       data     extern C:\MCC18\src\traditional\proc\p18F87J11.asm
                     TMR2   0x000fcc       data     extern C:\MCC18\src\traditional\proc\p18F87J11.asm
              PADCFG1bits   0x000fcc       data     extern C:\MCC18\src\traditional\proc\p18F87J11.asm
                  PADCFG1   0x000fcc       data     extern C:\MCC18\src\traditional\proc\p18F87J11.asm
               ODCON3bits   0x000fcd       data     extern C:\MCC18\src\traditional\proc\p18F87J11.asm
                   ODCON3   0x000fcd       data     extern C:\MCC18\src\traditional\proc\p18F87J11.asm
                T1CONbits   0x000fcd       data     extern C:\MCC18\src\traditional\proc\p18F87J11.asm
                    T1CON   0x000fcd       data     extern C:\MCC18\src\traditional\proc\p18F87J11.asm
                   ODCON2   0x000fce       data     extern C:\MCC18\src\traditional\proc\p18F87J11.asm
               ODCON2bits   0x000fce       data     extern C:\MCC18\src\traditional\proc\p18F87J11.asm
                    TMR1L   0x000fce       data     extern C:\MCC18\src\traditional\proc\p18F87J11.asm
                    TMR1H   0x000fcf       data     extern C:\MCC18\src\traditional\proc\p18F87J11.asm
               ODCON1bits   0x000fcf       data     extern C:\MCC18\src\traditional\proc\p18F87J11.asm
                   ODCON1   0x000fcf       data     extern C:\MCC18\src\traditional\proc\p18F87J11.asm
                 RCONbits   0x000fd0       data     extern C:\MCC18\src\traditional\proc\p18F87J11.asm
                     RCON   0x000fd0       data     extern C:\MCC18\src\traditional\proc\p18F87J11.asm
               CM2CONbits   0x000fd1       data     extern C:\MCC18\src\traditional\proc\p18F87J11.asm
              CM2CON1bits   0x000fd1       data     extern C:\MCC18\src\traditional\proc\p18F87J11.asm
                  CM2CON1   0x000fd1       data     extern C:\MCC18\src\traditional\proc\p18F87J11.asm
                   CM2CON   0x000fd1       data     extern C:\MCC18\src\traditional\proc\p18F87J11.asm
               CM1CONbits   0x000fd2       data     extern C:\MCC18\src\traditional\proc\p18F87J11.asm
                   CM1CON   0x000fd2       data     extern C:\MCC18\src\traditional\proc\p18F87J11.asm
                  CM1CON1   0x000fd2       data     extern C:\MCC18\src\traditional\proc\p18F87J11.asm
              CM1CON1bits   0x000fd2       data     extern C:\MCC18\src\traditional\proc\p18F87J11.asm
               OSCCONbits   0x000fd3       data     extern C:\MCC18\src\traditional\proc\p18F87J11.asm
                   OSCCON   0x000fd3       data     extern C:\MCC18\src\traditional\proc\p18F87J11.asm
                  REFOCON   0x000fd3       data     extern C:\MCC18\src\traditional\proc\p18F87J11.asm
              REFOCONbits   0x000fd3       data     extern C:\MCC18\src\traditional\proc\p18F87J11.asm
                    T0CON   0x000fd5       data     extern C:\MCC18\src\traditional\proc\p18F87J11.asm
                T0CONbits   0x000fd5       data     extern C:\MCC18\src\traditional\proc\p18F87J11.asm
                    TMR0L   0x000fd6       data     extern C:\MCC18\src\traditional\proc\p18F87J11.asm
                    TMR0H   0x000fd7       data     extern C:\MCC18\src\traditional\proc\p18F87J11.asm
               STATUSbits   0x000fd8       data     extern C:\MCC18\src\traditional\proc\p18F87J11.asm
                   STATUS   0x000fd8       data     extern C:\MCC18\src\traditional\proc\p18F87J11.asm
                     FSR2   0x000fd9       data     extern C:\MCC18\src\traditional\proc\p18F87J11.asm
                    FSR2L   0x000fd9       data     extern C:\MCC18\src\traditional\proc\p18F87J11.asm
                    FSR2H   0x000fda       data     extern C:\MCC18\src\traditional\proc\p18F87J11.asm
                   PLUSW2   0x000fdb       data     extern C:\MCC18\src\traditional\proc\p18F87J11.asm
                  PREINC2   0x000fdc       data     extern C:\MCC18\src\traditional\proc\p18F87J11.asm
                 POSTDEC2   0x000fdd       data     extern C:\MCC18\src\traditional\proc\p18F87J11.asm
                 POSTINC2   0x000fde       data     extern C:\MCC18\src\traditional\proc\p18F87J11.asm
                    INDF2   0x000fdf       data     extern C:\MCC18\src\traditional\proc\p18F87J11.asm
                      BSR   0x000fe0       data     extern C:\MCC18\src\traditional\proc\p18F87J11.asm
                    FSR1L   0x000fe1       data     extern C:\MCC18\src\traditional\proc\p18F87J11.asm
                     FSR1   0x000fe1       data     extern C:\MCC18\src\traditional\proc\p18F87J11.asm
                    FSR1H   0x000fe2       data     extern C:\MCC18\src\traditional\proc\p18F87J11.asm
                   PLUSW1   0x000fe3       data     extern C:\MCC18\src\traditional\proc\p18F87J11.asm
                  PREINC1   0x000fe4       data     extern C:\MCC18\src\traditional\proc\p18F87J11.asm
                 POSTDEC1   0x000fe5       data     extern C:\MCC18\src\traditional\proc\p18F87J11.asm
                 POSTINC1   0x000fe6       data     extern C:\MCC18\src\traditional\proc\p18F87J11.asm
                    INDF1   0x000fe7       data     extern C:\MCC18\src\traditional\proc\p18F87J11.asm
                     WREG   0x000fe8       data     extern C:\MCC18\src\traditional\proc\p18F87J11.asm
                    FSR0L   0x000fe9       data     extern C:\MCC18\src\traditional\proc\p18F87J11.asm
                     FSR0   0x000fe9       data     extern C:\MCC18\src\traditional\proc\p18F87J11.asm
                    FSR0H   0x000fea       data     extern C:\MCC18\src\traditional\proc\p18F87J11.asm
                   PLUSW0   0x000feb       data     extern C:\MCC18\src\traditional\proc\p18F87J11.asm
                  PREINC0   0x000fec       data     extern C:\MCC18\src\traditional\proc\p18F87J11.asm
                 POSTDEC0   0x000fed       data     extern C:\MCC18\src\traditional\proc\p18F87J11.asm
                 POSTINC0   0x000fee       data     extern C:\MCC18\src\traditional\proc\p18F87J11.asm
                    INDF0   0x000fef       data     extern C:\MCC18\src\traditional\proc\p18F87J11.asm
                  INTCON3   0x000ff0       data     extern C:\MCC18\src\traditional\proc\p18F87J11.asm
              INTCON3bits   0x000ff0       data     extern C:\MCC18\src\traditional\proc\p18F87J11.asm
              INTCON2bits   0x000ff1       data     extern C:\MCC18\src\traditional\proc\p18F87J11.asm
                  INTCON2   0x000ff1       data     extern C:\MCC18\src\traditional\proc\p18F87J11.asm
               INTCONbits   0x000ff2       data     extern C:\MCC18\src\traditional\proc\p18F87J11.asm
                   INTCON   0x000ff2       data     extern C:\MCC18\src\traditional\proc\p18F87J11.asm
                    PRODL   0x000ff3       data     extern C:\MCC18\src\traditional\proc\p18F87J11.asm
                     PROD   0x000ff3       data     extern C:\MCC18\src\traditional\proc\p18F87J11.asm
                    PRODH   0x000ff4       data     extern C:\MCC18\src\traditional\proc\p18F87J11.asm
                   TABLAT   0x000ff5       data     extern C:\MCC18\src\traditional\proc\p18F87J11.asm
                   TBLPTR   0x000ff6       data     extern C:\MCC18\src\traditional\proc\p18F87J11.asm
                  TBLPTRL   0x000ff6       data     extern C:\MCC18\src\traditional\proc\p18F87J11.asm
                  TBLPTRH   0x000ff7       data     extern C:\MCC18\src\traditional\proc\p18F87J11.asm
                  TBLPTRU   0x000ff8       data     extern C:\MCC18\src\traditional\proc\p18F87J11.asm
                      PCL   0x000ff9       data     extern C:\MCC18\src\traditional\proc\p18F87J11.asm
                       PC   0x000ff9       data     extern C:\MCC18\src\traditional\proc\p18F87J11.asm
                   PCLATH   0x000ffa       data     extern C:\MCC18\src\traditional\proc\p18F87J11.asm
                   PCLATU   0x000ffb       data     extern C:\MCC18\src\traditional\proc\p18F87J11.asm
                   STKPTR   0x000ffc       data     extern C:\MCC18\src\traditional\proc\p18F87J11.asm
               STKPTRbits   0x000ffc       data     extern C:\MCC18\src\traditional\proc\p18F87J11.asm
                      TOS   0x000ffd       data     extern C:\MCC18\src\traditional\proc\p18F87J11.asm
                     TOSL   0x000ffd       data     extern C:\MCC18\src\traditional\proc\p18F87J11.asm
                     TOSH   0x000ffe       data     extern C:\MCC18\src\traditional\proc\p18F87J11.asm
                     TOSU   0x000fff       data     extern C:\MCC18\src\traditional\proc\p18F87J11.asm


